
> frontend@0.0.0 build
> vite build

[36mvite v8.0.7 [32mbuilding client environment for production...[36m[39m
[2K
transforming...Γ£ô 527 modules transformed.
rendering chunks...
npm : [31mΓ£ù[39m Build failed 
in 904ms
At line:1 char:1
+ npm run build > build_output.txt 
2>&1
+ ~~~~~~~~~~~~~~~~~~~~~~~~~~~~~~~~~
~~~~
    + CategoryInfo          : NotS 
   pecified: ([31mΓ£ù[39m Build  
   failed in 904ms:String) [], R   
 emoteException
    + FullyQualifiedErrorId : Nati 
   veCommandError
 
[31merror during build:
[31mBuild failed with 1 error:

[31m[MISSING_EXPORT] Error:[0m 
"Recommendation" is not exported 
by "node_modules/@carbon/icons-reac
t/es/index.js".
   [38;5;246mΓò¡[0m[38;5;246mΓöÇ
[0m[38;5;246m[[0m 
src/pages/Landing.jsx:5:53 
[38;5;246m][0m
   [38;5;246mΓöé[0m
 [38;5;246m5 Γöé[0m [38;5;249mi
[0m[38;5;249mm[0m[38;5;249mp[0m
[38;5;249mo[0m[38;5;249mr[0m[3
8;5;249mt[0m[38;5;249m 
[0m[38;5;249m{[0m[38;5;249m [0
m[38;5;249mP[0m[38;5;249ml[0m[
38;5;249ma[0m[38;5;249my[0m[38;
5;249m,[0m[38;5;249m [0m[38;5;2
49mA[0m[38;5;249mr[0m[38;5;249m
r[0m[38;5;249mo[0m[38;5;249mw[
0m[38;5;249mR[0m[38;5;249mi[0m
[38;5;249mg[0m[38;5;249mh[0m[38
;5;249mt[0m[38;5;249m,[0m[38;5;
249m [0m[38;5;249mU[0m[38;5;249
ms[0m[38;5;249me[0m[38;5;249mr
[0m[38;5;249mA[0m[38;5;249mv[0m
[38;5;249ma[0m[38;5;249mt[0m[3
8;5;249ma[0m[38;5;249mr[0m[38;5
;249m,[0m[38;5;249m [0m[38;5;24
9mU[0m[38;5;249ms[0m[38;5;249me
[0m[38;5;249mr[0m[38;5;249mP[0
m[38;5;249mr[0m[38;5;249mo[0m[
38;5;249mf[0m[38;5;249mi[0m[38;
5;249ml[0m[38;5;249me[0m[38;5;2
49m,[0m[38;5;249m [0mRecommendat
ion[38;5;249m,[0m[38;5;249m [0m
[38;5;249mI[0m[38;5;249mm[0m[3
8;5;249ma[0m[38;5;249mg[0m[38;5
;249me[0m[38;5;249mS[0m[38;5;24
9me[0m[38;5;249ma[0m[38;5;249mr
[0m[38;5;249mc[0m[38;5;249mh[0
m[38;5;249m,[0m[38;5;249m [0m[
38;5;249mD[0m[38;5;249ma[0m[38;
5;249mt[0m[38;5;249ma[0m[38;5;2
49mR[0m[38;5;249me[0m[38;5;249m
g[0m[38;5;249mu[0m[38;5;249ml[
0m[38;5;249ma[0m[38;5;249mr[0m
[38;5;249m 
[0m[38;5;249m}[0m[38;5;249m [0
m[38;5;249mf[0m[38;5;249mr[0m[
38;5;249mo[0m[38;5;249mm[0m[38;
5;249m [0m[38;5;249m"[0m[38;5;2
49m@[0m[38;5;249mc[0m[38;5;249m
a[0m[38;5;249mr[0m[38;5;249mb[
0m[38;5;249mo[0m[38;5;249mn[0m
[38;5;249m/[0m[38;5;249mi[0m[38
;5;249mc[0m[38;5;249mo[0m[38;5;
249mn[0m[38;5;249ms[0m[38;5;249
m-[0m[38;5;249mr[0m[38;5;249me
[0m[38;5;249ma[0m[38;5;249mc[0m
[38;5;249mt[0m[38;5;249m"[0m[3
8;5;249m;[0m
 [38;5;240m  Γöé[0m              
                                   
    ΓöÇΓöÇΓöÇΓöÇΓöÇΓöÇΓöÇΓö¼ΓöÇΓöÇΓ
öÇΓöÇΓöÇΓöÇ  
 [38;5;240m  Γöé[0m              
                                   
           
Γò░ΓöÇΓöÇΓöÇΓöÇΓöÇΓöÇΓöÇΓöÇ 
Missing export
[38;5;246mΓöÇΓöÇΓöÇΓò»[0m
[31m
    at 
aggregateBindingErrorsIntoJsError (
file:///C:/raghav/GlobeScope/Cultur
eClick/frontend/node_modules/rolldo
wn/dist/shared/error-DBGOT6sf.mjs:4
8:18)
    at unwrapBindingResult (file://
/C:/raghav/GlobeScope/CultureClick/
frontend/node_modules/rolldown/dist
/shared/error-DBGOT6sf.mjs:18:128)
    at #build (file:///C:/raghav/Gl
obeScope/CultureClick/frontend/node
_modules/rolldown/dist/shared/rolld
own-build-hRnqgxyz.mjs:3313:34)
    at async buildEnvironment (file
:///C:/raghav/GlobeScope/CultureCli
ck/frontend/node_modules/vite/dist/
node/chunks/node.js:32954:64)
    at async Object.build (file:///
C:/raghav/GlobeScope/CultureClick/f
rontend/node_modules/vite/dist/node
/chunks/node.js:33376:19)
    at async Object.buildApp (file:
///C:/raghav/GlobeScope/CultureClic
k/frontend/node_modules/vite/dist/n
ode/chunks/node.js:33373:153)
    at async CAC.<anonymous> (file:
///C:/raghav/GlobeScope/CultureClic
k/frontend/node_modules/vite/dist/n
ode/cli.js:778:3) {
  errors: [Getter/Setter]
}[39m
